// Jest Snapshot v1, https://goo.gl/fbAQLP

exports[`Login should render Login screen 1`] = `
<RCTSafeAreaView
  style={
    {
      "backgroundColor": "#FFFFFF",
      "flex": 1,
      "minHeight": "100%",
      "minWidth": "100%",
    }
  }
>
  <View>
    <Text>
      Login
    </Text>
  </View>
</RCTSafeAreaView>
`;
